// Jest Snapshot v1, https://goo.gl/fbAQLP

exports[`log should output log when use the default level 1`] = `"[webpack-dev-server] foo"`;
